// Jest Snapshot v1, https://goo.gl/fbAQLP

exports[`Test Archive.js Component Rendered 1`] = `
<div
  className="App"
>
  <header
    className="App-header"
  >
    <h1
      className="App-title"
    >
      Welcome to Archive Page
    </h1>
  </header>
</div>
`;
